// Jest Snapshot v1, https://goo.gl/fbAQLP

exports[`ヘルスデータページ (/healthdata) スナップショット 1`] = `"<div class=\\"makeStyles-container-1\\"><div class=\\"makeStyles-root-2\\"><h1 class=\\"title\\"><svg class=\\"MuiSvgIcon-root icon\\" focusable=\\"false\\" viewBox=\\"0 0 24 24\\" aria-hidden=\\"true\\"><path d=\\"M19 3h-4.18C14.4 1.84 13.3 1 12 1c-1.3 0-2.4.84-2.82 2H5c-1.1 0-2 .9-2 2v14c0 1.1.9 2 2 2h14c1.1 0 2-.9 2-2V5c0-1.1-.9-2-2-2zm-7 0c.55 0 1 .45 1 1s-.45 1-1 1-1-.45-1-1 .45-1 1-1zm2 14H7v-2h7v2zm3-4H7v-2h10v2zm0-4H7V7h10v2z\\"></path></svg>ヘルスデータ</h1><div class=\\"container\\"><div class=\\"makeStyles-root-3\\"><div class=\\"MuiDataGrid-root MuiDataGrid-root MuiDataGrid-autoHeight\\" role=\\"grid\\" aria-colcount=\\"4\\" aria-rowcount=\\"60\\" aria-label=\\"grid\\" aria-multiselectable=\\"false\\"><div><div></div></div><div class=\\"MuiDataGrid-main\\"><div class=\\"MuiDataGrid-columnsContainer\\" style=\\"min-height: 56px; max-height: 56px; line-height: 56px;\\"><div class=\\"MuiDataGrid-colCellWrapper scroll\\" aria-rowindex=\\"1\\" role=\\"row\\" style=\\"transform: translate3d(-0px, 0, 0); min-width: 720px;\\"><div class=\\"MuiDataGrid-colCell MuiDataGrid-colCellSortable\\" data-field=\\"createdAt\\" style=\\"width: 120px; min-width: 120px; max-width: 120px;\\" role=\\"columnheader\\" tabindex=\\"0\\" aria-colindex=\\"1\\"><div class=\\"MuiDataGrid-colCell-draggable\\" draggable=\\"false\\"><div class=\\"MuiDataGrid-colCellTitleContainer\\"><div class=\\"MuiDataGrid-colCellTitle\\" title=\\"\\">日時</div></div><div class=\\"MuiDataGrid-menuIcon\\"><button class=\\"MuiButtonBase-root MuiIconButton-root MuiDataGrid-menuIconButton MuiIconButton-sizeSmall\\" tabindex=\\"-1\\" type=\\"button\\" aria-label=\\"Menu\\" title=\\"Menu\\" aria-haspopup=\\"true\\"  ><span class=\\"MuiIconButton-label\\"><svg class=\\"MuiSvgIcon-root MuiSvgIcon-fontSizeSmall\\" focusable=\\"false\\" viewBox=\\"0 0 24 24\\" aria-hidden=\\"true\\"><path d=\\"M12 8c1.1 0 2-.9 2-2s-.9-2-2-2-2 .9-2 2 .9 2 2 2zm0 2c-1.1 0-2 .9-2 2s.9 2 2 2 2-.9 2-2-.9-2-2-2zm0 6c-1.1 0-2 .9-2 2s.9 2 2 2 2-.9 2-2-.9-2-2-2z\\"></path></svg></span><span class=\\"MuiTouchRipple-root\\"></span></button></div></div><div class=\\"MuiDataGrid-columnSeparator\\" style=\\"min-height: 56px; opacity: 1;\\"><svg class=\\"MuiSvgIcon-root MuiDataGrid-iconSeparator\\" focusable=\\"false\\" viewBox=\\"0 0 24 24\\" aria-hidden=\\"true\\"><path d=\\"M11 19V5h2v14z\\"></path></svg></div></div><div class=\\"MuiDataGrid-colCell\\" data-field=\\"mood\\" style=\\"width: 100px; min-width: 100px; max-width: 100px;\\" role=\\"columnheader\\" tabindex=\\"-1\\" aria-colindex=\\"2\\"><div class=\\"MuiDataGrid-colCell-draggable\\" draggable=\\"false\\"><div class=\\"MuiDataGrid-colCellTitleContainer\\"><div class=\\"MuiDataGrid-colCellTitle\\" title=\\"\\">体調</div></div><div class=\\"MuiDataGrid-menuIcon\\"><button class=\\"MuiButtonBase-root MuiIconButton-root MuiDataGrid-menuIconButton MuiIconButton-sizeSmall\\" tabindex=\\"-1\\" type=\\"button\\" aria-label=\\"Menu\\" title=\\"Menu\\" aria-haspopup=\\"true\\"  ><span class=\\"MuiIconButton-label\\"><svg class=\\"MuiSvgIcon-root MuiSvgIcon-fontSizeSmall\\" focusable=\\"false\\" viewBox=\\"0 0 24 24\\" aria-hidden=\\"true\\"><path d=\\"M12 8c1.1 0 2-.9 2-2s-.9-2-2-2-2 .9-2 2 .9 2 2 2zm0 2c-1.1 0-2 .9-2 2s.9 2 2 2 2-.9 2-2-.9-2-2-2zm0 6c-1.1 0-2 .9-2 2s.9 2 2 2 2-.9 2-2-.9-2-2-2z\\"></path></svg></span><span class=\\"MuiTouchRipple-root\\"></span></button></div></div><div class=\\"MuiDataGrid-columnSeparator\\" style=\\"min-height: 56px; opacity: 1;\\"><svg class=\\"MuiSvgIcon-root MuiDataGrid-iconSeparator\\" focusable=\\"false\\" viewBox=\\"0 0 24 24\\" aria-hidden=\\"true\\"><path d=\\"M11 19V5h2v14z\\"></path></svg></div></div><div class=\\"MuiDataGrid-colCell\\" data-field=\\"temperature\\" style=\\"width: 100px; min-width: 100px; max-width: 100px;\\" role=\\"columnheader\\" tabindex=\\"-1\\" aria-colindex=\\"3\\"><div class=\\"MuiDataGrid-colCell-draggable\\" draggable=\\"false\\"><div class=\\"MuiDataGrid-colCellTitleContainer\\"><div class=\\"MuiDataGrid-colCellTitle\\" title=\\"\\">体温</div></div><div class=\\"MuiDataGrid-menuIcon\\"><button class=\\"MuiButtonBase-root MuiIconButton-root MuiDataGrid-menuIconButton MuiIconButton-sizeSmall\\" tabindex=\\"-1\\" type=\\"button\\" aria-label=\\"Menu\\" title=\\"Menu\\" aria-haspopup=\\"true\\"  ><span class=\\"MuiIconButton-label\\"><svg class=\\"MuiSvgIcon-root MuiSvgIcon-fontSizeSmall\\" focusable=\\"false\\" viewBox=\\"0 0 24 24\\" aria-hidden=\\"true\\"><path d=\\"M12 8c1.1 0 2-.9 2-2s-.9-2-2-2-2 .9-2 2 .9 2 2 2zm0 2c-1.1 0-2 .9-2 2s.9 2 2 2 2-.9 2-2-.9-2-2-2zm0 6c-1.1 0-2 .9-2 2s.9 2 2 2 2-.9 2-2-.9-2-2-2z\\"></path></svg></span><span class=\\"MuiTouchRipple-root\\"></span></button></div></div><div class=\\"MuiDataGrid-columnSeparator\\" style=\\"min-height: 56px; opacity: 1;\\"><svg class=\\"MuiSvgIcon-root MuiDataGrid-iconSeparator\\" focusable=\\"false\\" viewBox=\\"0 0 24 24\\" aria-hidden=\\"true\\"><path d=\\"M11 19V5h2v14z\\"></path></svg></div></div><div style=\\"min-width: 400px; max-width: 400px; line-height: 55px; min-height: 56px; max-height: 56px;\\" class=\\"MuiDataGrid-cell\\"></div></div></div><div style=\\"overflow: visible; width: 0px;\\"><div class=\\"MuiDataGrid-windowContainer\\" style=\\"width: 0px; height: 576px;\\"><div class=\\"MuiDataGrid-window\\" style=\\"top: 56px; overflow-y: hidden;\\"><div class=\\"MuiDataGrid-dataContainer data-container\\" style=\\"min-width: 720px;\\"><div class=\\"MuiDataGrid-viewport\\" style=\\"min-width: 0; max-width: 0; max-height: 520px;\\"><div class=\\"MuiDataGrid-renderingZone\\" style=\\"max-height: 520px; width: 720px; pointer-events: none; transform: translate3d(-0px, -0px, 0);\\"><div data-id=\\"59\\" data-rowindex=\\"0\\" role=\\"row\\" class=\\"MuiDataGrid-row Mui-even\\" aria-rowindex=\\"2\\" aria-selected=\\"false\\" style=\\"max-height: 52px; min-height: 52px;\\"><div class=\\"MuiDataGrid-cell MuiDataGrid-cellLeft\\" role=\\"cell\\" data-value=\\"1970-01-01\\" data-field=\\"createdAt\\" data-rowindex=\\"0\\" data-mode=\\"view\\" aria-colindex=\\"0\\" style=\\"min-width: 120px; max-width: 120px; line-height: 51px; min-height: 52px; max-height: 52px;\\" tabindex=\\"-1\\">1970-01-01</div><div class=\\"MuiDataGrid-cell  MuiDataGrid-cellWithRenderer MuiDataGrid-cellLeft\\" role=\\"cell\\" data-value=\\"good\\" data-field=\\"mood\\" data-rowindex=\\"0\\" data-mode=\\"view\\" aria-colindex=\\"1\\" style=\\"min-width: 100px; max-width: 100px; line-height: 51px; min-height: 52px; max-height: 52px;\\" tabindex=\\"-1\\"><svg class=\\"MuiSvgIcon-root good\\" focusable=\\"false\\" viewBox=\\"0 0 24 24\\" aria-hidden=\\"true\\" style=\\"font-size: 2.5em;\\"><path d=\\"M11.99 2C6.47 2 2 6.48 2 12s4.47 10 9.99 10C17.52 22 22 17.52 22 12S17.52 2 11.99 2zM12 20c-4.42 0-8-3.58-8-8s3.58-8 8-8 8 3.58 8 8-3.58 8-8 8zm3.5-9c.83 0 1.5-.67 1.5-1.5S16.33 8 15.5 8 14 8.67 14 9.5s.67 1.5 1.5 1.5zm-7 0c.83 0 1.5-.67 1.5-1.5S9.33 8 8.5 8 7 8.67 7 9.5 7.67 11 8.5 11zm3.5 6.5c2.33 0 4.31-1.46 5.11-3.5H6.89c.8 2.04 2.78 3.5 5.11 3.5z\\"></path></svg></div><div class=\\"MuiDataGrid-cell MuiDataGrid-cellLeft\\" role=\\"cell\\" data-value=\\"36.5\\" data-field=\\"temperature\\" data-rowindex=\\"0\\" data-mode=\\"view\\" aria-colindex=\\"2\\" style=\\"min-width: 100px; max-width: 100px; line-height: 51px; min-height: 52px; max-height: 52px;\\" tabindex=\\"-1\\">36.5</div><div style=\\"min-width: 400px; max-width: 400px; line-height: 51px; min-height: 52px; max-height: 52px;\\" class=\\"MuiDataGrid-cell\\"></div></div><div data-id=\\"58\\" data-rowindex=\\"1\\" role=\\"row\\" class=\\"MuiDataGrid-row Mui-odd\\" aria-rowindex=\\"3\\" aria-selected=\\"false\\" style=\\"max-height: 52px; min-height: 52px;\\"><div class=\\"MuiDataGrid-cell MuiDataGrid-cellLeft\\" role=\\"cell\\" data-value=\\"1970-01-01\\" data-field=\\"createdAt\\" data-rowindex=\\"1\\" data-mode=\\"view\\" aria-colindex=\\"0\\" style=\\"min-width: 120px; max-width: 120px; line-height: 51px; min-height: 52px; max-height: 52px;\\" tabindex=\\"-1\\">1970-01-01</div><div class=\\"MuiDataGrid-cell  MuiDataGrid-cellWithRenderer MuiDataGrid-cellLeft\\" role=\\"cell\\" data-value=\\"good\\" data-field=\\"mood\\" data-rowindex=\\"1\\" data-mode=\\"view\\" aria-colindex=\\"1\\" style=\\"min-width: 100px; max-width: 100px; line-height: 51px; min-height: 52px; max-height: 52px;\\" tabindex=\\"-1\\"><svg class=\\"MuiSvgIcon-root good\\" focusable=\\"false\\" viewBox=\\"0 0 24 24\\" aria-hidden=\\"true\\" style=\\"font-size: 2.5em;\\"><path d=\\"M11.99 2C6.47 2 2 6.48 2 12s4.47 10 9.99 10C17.52 22 22 17.52 22 12S17.52 2 11.99 2zM12 20c-4.42 0-8-3.58-8-8s3.58-8 8-8 8 3.58 8 8-3.58 8-8 8zm3.5-9c.83 0 1.5-.67 1.5-1.5S16.33 8 15.5 8 14 8.67 14 9.5s.67 1.5 1.5 1.5zm-7 0c.83 0 1.5-.67 1.5-1.5S9.33 8 8.5 8 7 8.67 7 9.5 7.67 11 8.5 11zm3.5 6.5c2.33 0 4.31-1.46 5.11-3.5H6.89c.8 2.04 2.78 3.5 5.11 3.5z\\"></path></svg></div><div class=\\"MuiDataGrid-cell MuiDataGrid-cellLeft\\" role=\\"cell\\" data-value=\\"36.4\\" data-field=\\"temperature\\" data-rowindex=\\"1\\" data-mode=\\"view\\" aria-colindex=\\"2\\" style=\\"min-width: 100px; max-width: 100px; line-height: 51px; min-height: 52px; max-height: 52px;\\" tabindex=\\"-1\\">36.4</div><div style=\\"min-width: 400px; max-width: 400px; line-height: 51px; min-height: 52px; max-height: 52px;\\" class=\\"MuiDataGrid-cell\\"></div></div><div data-id=\\"57\\" data-rowindex=\\"2\\" role=\\"row\\" class=\\"MuiDataGrid-row Mui-even\\" aria-rowindex=\\"4\\" aria-selected=\\"false\\" style=\\"max-height: 52px; min-height: 52px;\\"><div class=\\"MuiDataGrid-cell MuiDataGrid-cellLeft\\" role=\\"cell\\" data-value=\\"1970-01-01\\" data-field=\\"createdAt\\" data-rowindex=\\"2\\" data-mode=\\"view\\" aria-colindex=\\"0\\" style=\\"min-width: 120px; max-width: 120px; line-height: 51px; min-height: 52px; max-height: 52px;\\" tabindex=\\"-1\\">1970-01-01</div><div class=\\"MuiDataGrid-cell  MuiDataGrid-cellWithRenderer MuiDataGrid-cellLeft\\" role=\\"cell\\" data-value=\\"fine\\" data-field=\\"mood\\" data-rowindex=\\"2\\" data-mode=\\"view\\" aria-colindex=\\"1\\" style=\\"min-width: 100px; max-width: 100px; line-height: 51px; min-height: 52px; max-height: 52px;\\" tabindex=\\"-1\\"><svg class=\\"MuiSvgIcon-root fine\\" focusable=\\"false\\" viewBox=\\"0 0 24 24\\" aria-hidden=\\"true\\" style=\\"font-size: 2.5em;\\"><circle cx=\\"15.5\\" cy=\\"9.5\\" r=\\"1.5\\"></circle><circle cx=\\"8.5\\" cy=\\"9.5\\" r=\\"1.5\\"></circle><path d=\\"M11.99 2C6.47 2 2 6.48 2 12s4.47 10 9.99 10C17.52 22 22 17.52 22 12S17.52 2 11.99 2zM12 20c-4.42 0-8-3.58-8-8s3.58-8 8-8 8 3.58 8 8-3.58 8-8 8zm0-3.5c.73 0 1.39.19 1.97.53.12-.14.86-.98 1.01-1.14-.85-.56-1.87-.89-2.98-.89-1.11 0-2.13.33-2.99.88.97 1.09.01.02 1.01 1.14.59-.33 1.25-.52 1.98-.52z\\"></path></svg></div><div class=\\"MuiDataGrid-cell MuiDataGrid-cellLeft\\" role=\\"cell\\" data-value=\\"36.8\\" data-field=\\"temperature\\" data-rowindex=\\"2\\" data-mode=\\"view\\" aria-colindex=\\"2\\" style=\\"min-width: 100px; max-width: 100px; line-height: 51px; min-height: 52px; max-height: 52px;\\" tabindex=\\"-1\\">36.8</div><div style=\\"min-width: 400px; max-width: 400px; line-height: 51px; min-height: 52px; max-height: 52px;\\" class=\\"MuiDataGrid-cell\\"></div></div><div data-id=\\"56\\" data-rowindex=\\"3\\" role=\\"row\\" class=\\"MuiDataGrid-row Mui-odd\\" aria-rowindex=\\"5\\" aria-selected=\\"false\\" style=\\"max-height: 52px; min-height: 52px;\\"><div class=\\"MuiDataGrid-cell MuiDataGrid-cellLeft\\" role=\\"cell\\" data-value=\\"1970-01-01\\" data-field=\\"createdAt\\" data-rowindex=\\"3\\" data-mode=\\"view\\" aria-colindex=\\"0\\" style=\\"min-width: 120px; max-width: 120px; line-height: 51px; min-height: 52px; max-height: 52px;\\" tabindex=\\"-1\\">1970-01-01</div><div class=\\"MuiDataGrid-cell  MuiDataGrid-cellWithRenderer MuiDataGrid-cellLeft\\" role=\\"cell\\" data-value=\\"bad\\" data-field=\\"mood\\" data-rowindex=\\"3\\" data-mode=\\"view\\" aria-colindex=\\"1\\" style=\\"min-width: 100px; max-width: 100px; line-height: 51px; min-height: 52px; max-height: 52px;\\" tabindex=\\"-1\\"><svg class=\\"MuiSvgIcon-root bad\\" focusable=\\"false\\" viewBox=\\"0 0 24 24\\" aria-hidden=\\"true\\" style=\\"font-size: 2.5em;\\"><path d=\\"M12 13.5c-2.33 0-4.31 1.46-5.11 3.5h10.22c-.8-2.04-2.78-3.5-5.11-3.5zM7.82 12l1.06-1.06L9.94 12 11 10.94 9.94 9.88 11 8.82 9.94 7.76 8.88 8.82 7.82 7.76 6.76 8.82l1.06 1.06-1.06 1.06zm4.17-10C6.47 2 2 6.47 2 12s4.47 10 9.99 10S22 17.53 22 12 17.52 2 11.99 2zM12 20c-4.42 0-8-3.58-8-8s3.58-8 8-8 8 3.58 8 8-3.58 8-8 8zm4.18-12.24l-1.06 1.06-1.06-1.06L13 8.82l1.06 1.06L13 10.94 14.06 12l1.06-1.06L16.18 12l1.06-1.06-1.06-1.06 1.06-1.06z\\"></path></svg></div><div class=\\"MuiDataGrid-cell MuiDataGrid-cellLeft\\" role=\\"cell\\" data-value=\\"37.2\\" data-field=\\"temperature\\" data-rowindex=\\"3\\" data-mode=\\"view\\" aria-colindex=\\"2\\" style=\\"min-width: 100px; max-width: 100px; line-height: 51px; min-height: 52px; max-height: 52px;\\" tabindex=\\"-1\\">37.2</div><div style=\\"min-width: 400px; max-width: 400px; line-height: 51px; min-height: 52px; max-height: 52px;\\" class=\\"MuiDataGrid-cell\\"></div></div><div data-id=\\"55\\" data-rowindex=\\"4\\" role=\\"row\\" class=\\"MuiDataGrid-row Mui-even\\" aria-rowindex=\\"6\\" aria-selected=\\"false\\" style=\\"max-height: 52px; min-height: 52px;\\"><div class=\\"MuiDataGrid-cell MuiDataGrid-cellLeft\\" role=\\"cell\\" data-value=\\"1970-01-01\\" data-field=\\"createdAt\\" data-rowindex=\\"4\\" data-mode=\\"view\\" aria-colindex=\\"0\\" style=\\"min-width: 120px; max-width: 120px; line-height: 51px; min-height: 52px; max-height: 52px;\\" tabindex=\\"-1\\">1970-01-01</div><div class=\\"MuiDataGrid-cell  MuiDataGrid-cellWithRenderer MuiDataGrid-cellLeft\\" role=\\"cell\\" data-value=\\"bad\\" data-field=\\"mood\\" data-rowindex=\\"4\\" data-mode=\\"view\\" aria-colindex=\\"1\\" style=\\"min-width: 100px; max-width: 100px; line-height: 51px; min-height: 52px; max-height: 52px;\\" tabindex=\\"-1\\"><svg class=\\"MuiSvgIcon-root bad\\" focusable=\\"false\\" viewBox=\\"0 0 24 24\\" aria-hidden=\\"true\\" style=\\"font-size: 2.5em;\\"><path d=\\"M12 13.5c-2.33 0-4.31 1.46-5.11 3.5h10.22c-.8-2.04-2.78-3.5-5.11-3.5zM7.82 12l1.06-1.06L9.94 12 11 10.94 9.94 9.88 11 8.82 9.94 7.76 8.88 8.82 7.82 7.76 6.76 8.82l1.06 1.06-1.06 1.06zm4.17-10C6.47 2 2 6.47 2 12s4.47 10 9.99 10S22 17.53 22 12 17.52 2 11.99 2zM12 20c-4.42 0-8-3.58-8-8s3.58-8 8-8 8 3.58 8 8-3.58 8-8 8zm4.18-12.24l-1.06 1.06-1.06-1.06L13 8.82l1.06 1.06L13 10.94 14.06 12l1.06-1.06L16.18 12l1.06-1.06-1.06-1.06 1.06-1.06z\\"></path></svg></div><div class=\\"MuiDataGrid-cell MuiDataGrid-cellLeft\\" role=\\"cell\\" data-value=\\"37.8\\" data-field=\\"temperature\\" data-rowindex=\\"4\\" data-mode=\\"view\\" aria-colindex=\\"2\\" style=\\"min-width: 100px; max-width: 100px; line-height: 51px; min-height: 52px; max-height: 52px;\\" tabindex=\\"-1\\">37.8</div><div style=\\"min-width: 400px; max-width: 400px; line-height: 51px; min-height: 52px; max-height: 52px;\\" class=\\"MuiDataGrid-cell\\"></div></div><div data-id=\\"54\\" data-rowindex=\\"5\\" role=\\"row\\" class=\\"MuiDataGrid-row Mui-odd\\" aria-rowindex=\\"7\\" aria-selected=\\"false\\" style=\\"max-height: 52px; min-height: 52px;\\"><div class=\\"MuiDataGrid-cell MuiDataGrid-cellLeft\\" role=\\"cell\\" data-value=\\"1970-01-01\\" data-field=\\"createdAt\\" data-rowindex=\\"5\\" data-mode=\\"view\\" aria-colindex=\\"0\\" style=\\"min-width: 120px; max-width: 120px; line-height: 51px; min-height: 52px; max-height: 52px;\\" tabindex=\\"-1\\">1970-01-01</div><div class=\\"MuiDataGrid-cell  MuiDataGrid-cellWithRenderer MuiDataGrid-cellLeft\\" role=\\"cell\\" data-value=\\"bad\\" data-field=\\"mood\\" data-rowindex=\\"5\\" data-mode=\\"view\\" aria-colindex=\\"1\\" style=\\"min-width: 100px; max-width: 100px; line-height: 51px; min-height: 52px; max-height: 52px;\\" tabindex=\\"-1\\"><svg class=\\"MuiSvgIcon-root bad\\" focusable=\\"false\\" viewBox=\\"0 0 24 24\\" aria-hidden=\\"true\\" style=\\"font-size: 2.5em;\\"><path d=\\"M12 13.5c-2.33 0-4.31 1.46-5.11 3.5h10.22c-.8-2.04-2.78-3.5-5.11-3.5zM7.82 12l1.06-1.06L9.94 12 11 10.94 9.94 9.88 11 8.82 9.94 7.76 8.88 8.82 7.82 7.76 6.76 8.82l1.06 1.06-1.06 1.06zm4.17-10C6.47 2 2 6.47 2 12s4.47 10 9.99 10S22 17.53 22 12 17.52 2 11.99 2zM12 20c-4.42 0-8-3.58-8-8s3.58-8 8-8 8 3.58 8 8-3.58 8-8 8zm4.18-12.24l-1.06 1.06-1.06-1.06L13 8.82l1.06 1.06L13 10.94 14.06 12l1.06-1.06L16.18 12l1.06-1.06-1.06-1.06 1.06-1.06z\\"></path></svg></div><div class=\\"MuiDataGrid-cell MuiDataGrid-cellLeft\\" role=\\"cell\\" data-value=\\"38.5\\" data-field=\\"temperature\\" data-rowindex=\\"5\\" data-mode=\\"view\\" aria-colindex=\\"2\\" style=\\"min-width: 100px; max-width: 100px; line-height: 51px; min-height: 52px; max-height: 52px;\\" tabindex=\\"-1\\">38.5</div><div style=\\"min-width: 400px; max-width: 400px; line-height: 51px; min-height: 52px; max-height: 52px;\\" class=\\"MuiDataGrid-cell\\"></div></div><div data-id=\\"53\\" data-rowindex=\\"6\\" role=\\"row\\" class=\\"MuiDataGrid-row Mui-even\\" aria-rowindex=\\"8\\" aria-selected=\\"false\\" style=\\"max-height: 52px; min-height: 52px;\\"><div class=\\"MuiDataGrid-cell MuiDataGrid-cellLeft\\" role=\\"cell\\" data-value=\\"1970-01-01\\" data-field=\\"createdAt\\" data-rowindex=\\"6\\" data-mode=\\"view\\" aria-colindex=\\"0\\" style=\\"min-width: 120px; max-width: 120px; line-height: 51px; min-height: 52px; max-height: 52px;\\" tabindex=\\"-1\\">1970-01-01</div><div class=\\"MuiDataGrid-cell  MuiDataGrid-cellWithRenderer MuiDataGrid-cellLeft\\" role=\\"cell\\" data-value=\\"bad\\" data-field=\\"mood\\" data-rowindex=\\"6\\" data-mode=\\"view\\" aria-colindex=\\"1\\" style=\\"min-width: 100px; max-width: 100px; line-height: 51px; min-height: 52px; max-height: 52px;\\" tabindex=\\"-1\\"><svg class=\\"MuiSvgIcon-root bad\\" focusable=\\"false\\" viewBox=\\"0 0 24 24\\" aria-hidden=\\"true\\" style=\\"font-size: 2.5em;\\"><path d=\\"M12 13.5c-2.33 0-4.31 1.46-5.11 3.5h10.22c-.8-2.04-2.78-3.5-5.11-3.5zM7.82 12l1.06-1.06L9.94 12 11 10.94 9.94 9.88 11 8.82 9.94 7.76 8.88 8.82 7.82 7.76 6.76 8.82l1.06 1.06-1.06 1.06zm4.17-10C6.47 2 2 6.47 2 12s4.47 10 9.99 10S22 17.53 22 12 17.52 2 11.99 2zM12 20c-4.42 0-8-3.58-8-8s3.58-8 8-8 8 3.58 8 8-3.58 8-8 8zm4.18-12.24l-1.06 1.06-1.06-1.06L13 8.82l1.06 1.06L13 10.94 14.06 12l1.06-1.06L16.18 12l1.06-1.06-1.06-1.06 1.06-1.06z\\"></path></svg></div><div class=\\"MuiDataGrid-cell MuiDataGrid-cellLeft\\" role=\\"cell\\" data-value=\\"37.6\\" data-field=\\"temperature\\" data-rowindex=\\"6\\" data-mode=\\"view\\" aria-colindex=\\"2\\" style=\\"min-width: 100px; max-width: 100px; line-height: 51px; min-height: 52px; max-height: 52px;\\" tabindex=\\"-1\\">37.6</div><div style=\\"min-width: 400px; max-width: 400px; line-height: 51px; min-height: 52px; max-height: 52px;\\" class=\\"MuiDataGrid-cell\\"></div></div><div data-id=\\"52\\" data-rowindex=\\"7\\" role=\\"row\\" class=\\"MuiDataGrid-row Mui-odd\\" aria-rowindex=\\"9\\" aria-selected=\\"false\\" style=\\"max-height: 52px; min-height: 52px;\\"><div class=\\"MuiDataGrid-cell MuiDataGrid-cellLeft\\" role=\\"cell\\" data-value=\\"1970-01-01\\" data-field=\\"createdAt\\" data-rowindex=\\"7\\" data-mode=\\"view\\" aria-colindex=\\"0\\" style=\\"min-width: 120px; max-width: 120px; line-height: 51px; min-height: 52px; max-height: 52px;\\" tabindex=\\"-1\\">1970-01-01</div><div class=\\"MuiDataGrid-cell  MuiDataGrid-cellWithRenderer MuiDataGrid-cellLeft\\" role=\\"cell\\" data-value=\\"fine\\" data-field=\\"mood\\" data-rowindex=\\"7\\" data-mode=\\"view\\" aria-colindex=\\"1\\" style=\\"min-width: 100px; max-width: 100px; line-height: 51px; min-height: 52px; max-height: 52px;\\" tabindex=\\"-1\\"><svg class=\\"MuiSvgIcon-root fine\\" focusable=\\"false\\" viewBox=\\"0 0 24 24\\" aria-hidden=\\"true\\" style=\\"font-size: 2.5em;\\"><circle cx=\\"15.5\\" cy=\\"9.5\\" r=\\"1.5\\"></circle><circle cx=\\"8.5\\" cy=\\"9.5\\" r=\\"1.5\\"></circle><path d=\\"M11.99 2C6.47 2 2 6.48 2 12s4.47 10 9.99 10C17.52 22 22 17.52 22 12S17.52 2 11.99 2zM12 20c-4.42 0-8-3.58-8-8s3.58-8 8-8 8 3.58 8 8-3.58 8-8 8zm0-3.5c.73 0 1.39.19 1.97.53.12-.14.86-.98 1.01-1.14-.85-.56-1.87-.89-2.98-.89-1.11 0-2.13.33-2.99.88.97 1.09.01.02 1.01 1.14.59-.33 1.25-.52 1.98-.52z\\"></path></svg></div><div class=\\"MuiDataGrid-cell MuiDataGrid-cellLeft\\" role=\\"cell\\" data-value=\\"36.8\\" data-field=\\"temperature\\" data-rowindex=\\"7\\" data-mode=\\"view\\" aria-colindex=\\"2\\" style=\\"min-width: 100px; max-width: 100px; line-height: 51px; min-height: 52px; max-height: 52px;\\" tabindex=\\"-1\\">36.8</div><div style=\\"min-width: 400px; max-width: 400px; line-height: 51px; min-height: 52px; max-height: 52px;\\" class=\\"MuiDataGrid-cell\\"></div></div><div data-id=\\"51\\" data-rowindex=\\"8\\" role=\\"row\\" class=\\"MuiDataGrid-row Mui-even\\" aria-rowindex=\\"10\\" aria-selected=\\"false\\" style=\\"max-height: 52px; min-height: 52px;\\"><div class=\\"MuiDataGrid-cell MuiDataGrid-cellLeft\\" role=\\"cell\\" data-value=\\"1970-01-01\\" data-field=\\"createdAt\\" data-rowindex=\\"8\\" data-mode=\\"view\\" aria-colindex=\\"0\\" style=\\"min-width: 120px; max-width: 120px; line-height: 51px; min-height: 52px; max-height: 52px;\\" tabindex=\\"-1\\">1970-01-01</div><div class=\\"MuiDataGrid-cell  MuiDataGrid-cellWithRenderer MuiDataGrid-cellLeft\\" role=\\"cell\\" data-value=\\"good\\" data-field=\\"mood\\" data-rowindex=\\"8\\" data-mode=\\"view\\" aria-colindex=\\"1\\" style=\\"min-width: 100px; max-width: 100px; line-height: 51px; min-height: 52px; max-height: 52px;\\" tabindex=\\"-1\\"><svg class=\\"MuiSvgIcon-root good\\" focusable=\\"false\\" viewBox=\\"0 0 24 24\\" aria-hidden=\\"true\\" style=\\"font-size: 2.5em;\\"><path d=\\"M11.99 2C6.47 2 2 6.48 2 12s4.47 10 9.99 10C17.52 22 22 17.52 22 12S17.52 2 11.99 2zM12 20c-4.42 0-8-3.58-8-8s3.58-8 8-8 8 3.58 8 8-3.58 8-8 8zm3.5-9c.83 0 1.5-.67 1.5-1.5S16.33 8 15.5 8 14 8.67 14 9.5s.67 1.5 1.5 1.5zm-7 0c.83 0 1.5-.67 1.5-1.5S9.33 8 8.5 8 7 8.67 7 9.5 7.67 11 8.5 11zm3.5 6.5c2.33 0 4.31-1.46 5.11-3.5H6.89c.8 2.04 2.78 3.5 5.11 3.5z\\"></path></svg></div><div class=\\"MuiDataGrid-cell MuiDataGrid-cellLeft\\" role=\\"cell\\" data-value=\\"36.6\\" data-field=\\"temperature\\" data-rowindex=\\"8\\" data-mode=\\"view\\" aria-colindex=\\"2\\" style=\\"min-width: 100px; max-width: 100px; line-height: 51px; min-height: 52px; max-height: 52px;\\" tabindex=\\"-1\\">36.6</div><div style=\\"min-width: 400px; max-width: 400px; line-height: 51px; min-height: 52px; max-height: 52px;\\" class=\\"MuiDataGrid-cell\\"></div></div><div data-id=\\"50\\" data-rowindex=\\"9\\" role=\\"row\\" class=\\"MuiDataGrid-row Mui-odd\\" aria-rowindex=\\"11\\" aria-selected=\\"false\\" style=\\"max-height: 52px; min-height: 52px;\\"><div class=\\"MuiDataGrid-cell MuiDataGrid-cellLeft\\" role=\\"cell\\" data-value=\\"1970-01-01\\" data-field=\\"createdAt\\" data-rowindex=\\"9\\" data-mode=\\"view\\" aria-colindex=\\"0\\" style=\\"min-width: 120px; max-width: 120px; line-height: 51px; min-height: 52px; max-height: 52px;\\" tabindex=\\"-1\\">1970-01-01</div><div class=\\"MuiDataGrid-cell  MuiDataGrid-cellWithRenderer MuiDataGrid-cellLeft\\" role=\\"cell\\" data-value=\\"good\\" data-field=\\"mood\\" data-rowindex=\\"9\\" data-mode=\\"view\\" aria-colindex=\\"1\\" style=\\"min-width: 100px; max-width: 100px; line-height: 51px; min-height: 52px; max-height: 52px;\\" tabindex=\\"-1\\"><svg class=\\"MuiSvgIcon-root good\\" focusable=\\"false\\" viewBox=\\"0 0 24 24\\" aria-hidden=\\"true\\" style=\\"font-size: 2.5em;\\"><path d=\\"M11.99 2C6.47 2 2 6.48 2 12s4.47 10 9.99 10C17.52 22 22 17.52 22 12S17.52 2 11.99 2zM12 20c-4.42 0-8-3.58-8-8s3.58-8 8-8 8 3.58 8 8-3.58 8-8 8zm3.5-9c.83 0 1.5-.67 1.5-1.5S16.33 8 15.5 8 14 8.67 14 9.5s.67 1.5 1.5 1.5zm-7 0c.83 0 1.5-.67 1.5-1.5S9.33 8 8.5 8 7 8.67 7 9.5 7.67 11 8.5 11zm3.5 6.5c2.33 0 4.31-1.46 5.11-3.5H6.89c.8 2.04 2.78 3.5 5.11 3.5z\\"></path></svg></div><div class=\\"MuiDataGrid-cell MuiDataGrid-cellLeft\\" role=\\"cell\\" data-value=\\"36.5\\" data-field=\\"temperature\\" data-rowindex=\\"9\\" data-mode=\\"view\\" aria-colindex=\\"2\\" style=\\"min-width: 100px; max-width: 100px; line-height: 51px; min-height: 52px; max-height: 52px;\\" tabindex=\\"-1\\">36.5</div><div style=\\"min-width: 400px; max-width: 400px; line-height: 51px; min-height: 52px; max-height: 52px;\\" class=\\"MuiDataGrid-cell\\"></div></div></div></div></div></div></div></div><div class=\\"Mui-resizeTriggers\\"><div class=\\"expand-trigger\\"><div style=\\"width: 1px; height: 1px;\\"></div></div><div class=\\"contract-trigger\\"></div></div></div><div><div class=\\"MuiDataGrid-footer\\"><div></div><div class=\\"MuiTablePagination-root\\"><div class=\\"MuiToolbar-root MuiToolbar-regular MuiTablePagination-toolbar MuiToolbar-gutters\\"><div class=\\"MuiTablePagination-spacer\\"></div><p class=\\"MuiTypography-root MuiTablePagination-caption makeStyles-caption-7 MuiTypography-body2 MuiTypography-colorInherit\\">1-10 of 60</p><div class=\\"MuiTablePagination-actions\\"><button class=\\"MuiButtonBase-root MuiIconButton-root MuiIconButton-colorInherit Mui-disabled Mui-disabled\\" tabindex=\\"-1\\" type=\\"button\\" disabled=\\"\\" title=\\"Previous page\\" aria-label=\\"Previous page\\"><span class=\\"MuiIconButton-label\\"><svg class=\\"MuiSvgIcon-root\\" focusable=\\"false\\" viewBox=\\"0 0 24 24\\" aria-hidden=\\"true\\"><path d=\\"M15.41 16.09l-4.58-4.59 4.58-4.59L14 5.5l-6 6 6 6z\\"></path></svg></span></button><button class=\\"MuiButtonBase-root MuiIconButton-root MuiIconButton-colorInherit\\" tabindex=\\"0\\" type=\\"button\\" title=\\"Next page\\" aria-label=\\"Next page\\"><span class=\\"MuiIconButton-label\\"><svg class=\\"MuiSvgIcon-root\\" focusable=\\"false\\" viewBox=\\"0 0 24 24\\" aria-hidden=\\"true\\"><path d=\\"M8.59 16.34l4.58-4.59-4.58-4.59L10 5.75l6 6-6 6z\\"></path></svg></span><span class=\\"MuiTouchRipple-root\\"></span></button></div></div></div></div></div></div></div></div></div></div><div class=\\"MuiBottomNavigation-root root\\"><button class=\\"MuiButtonBase-root MuiBottomNavigationAction-root item\\" tabindex=\\"0\\" type=\\"button\\"><span class=\\"MuiBottomNavigationAction-wrapper\\"><svg class=\\"MuiSvgIcon-root MuiSvgIcon-fontSizeLarge\\" focusable=\\"false\\" viewBox=\\"0 0 24 24\\" aria-hidden=\\"true\\"><path d=\\"M10 20v-6h4v6h5v-8h3L12 3 2 12h3v8z\\"></path></svg><span class=\\"MuiBottomNavigationAction-label\\">ホーム</span></span><span class=\\"MuiTouchRipple-root\\"></span></button><button class=\\"MuiButtonBase-root MuiBottomNavigationAction-root item\\" tabindex=\\"0\\" type=\\"button\\"><span class=\\"MuiBottomNavigationAction-wrapper\\"><svg class=\\"MuiSvgIcon-root MuiSvgIcon-fontSizeLarge\\" focusable=\\"false\\" viewBox=\\"0 0 24 24\\" aria-hidden=\\"true\\"><path d=\\"M19 3h-4.18C14.4 1.84 13.3 1 12 1c-1.3 0-2.4.84-2.82 2H5c-1.1 0-2 .9-2 2v14c0 1.1.9 2 2 2h14c1.1 0 2-.9 2-2V5c0-1.1-.9-2-2-2zm-7 0c.55 0 1 .45 1 1s-.45 1-1 1-1-.45-1-1 .45-1 1-1zm2 14H7v-2h7v2zm3-4H7v-2h10v2zm0-4H7V7h10v2z\\"></path></svg><span class=\\"MuiBottomNavigationAction-label\\">ヘルスデータ</span></span><span class=\\"MuiTouchRipple-root\\"></span></button><button class=\\"MuiButtonBase-root MuiBottomNavigationAction-root item\\" tabindex=\\"0\\" type=\\"button\\"><span class=\\"MuiBottomNavigationAction-wrapper\\"><svg class=\\"MuiSvgIcon-root MuiSvgIcon-fontSizeLarge\\" focusable=\\"false\\" viewBox=\\"0 0 24 24\\" aria-hidden=\\"true\\"><path d=\\"M10 20h4V4h-4v16zm-6 0h4v-8H4v8zM16 9v11h4V9h-4z\\"></path></svg><span class=\\"MuiBottomNavigationAction-label\\">体温グラフ</span></span><span class=\\"MuiTouchRipple-root\\"></span></button><button class=\\"MuiButtonBase-root MuiBottomNavigationAction-root item\\" tabindex=\\"0\\" type=\\"button\\"><span class=\\"MuiBottomNavigationAction-wrapper\\"><svg class=\\"MuiSvgIcon-root MuiSvgIcon-fontSizeLarge\\" focusable=\\"false\\" viewBox=\\"0 0 24 24\\" aria-hidden=\\"true\\"><path d=\\"M12 12c2.21 0 4-1.79 4-4s-1.79-4-4-4-4 1.79-4 4 1.79 4 4 4zm0 2c-2.67 0-8 1.34-8 4v2h16v-2c0-2.66-5.33-4-8-4z\\"></path></svg><span class=\\"MuiBottomNavigationAction-label\\">ユーザー</span></span><span class=\\"MuiTouchRipple-root\\"></span></button><button class=\\"MuiButtonBase-root MuiBottomNavigationAction-root item\\" tabindex=\\"0\\" type=\\"button\\"><span class=\\"MuiBottomNavigationAction-wrapper\\"><svg class=\\"MuiSvgIcon-root MuiSvgIcon-fontSizeLarge\\" focusable=\\"false\\" viewBox=\\"0 0 24 24\\" aria-hidden=\\"true\\"><path d=\\"M10.09 15.59L11.5 17l5-5-5-5-1.41 1.41L12.67 11H3v2h9.67l-2.58 2.59zM19 3H5c-1.11 0-2 .9-2 2v4h2V5h14v14H5v-4H3v4c0 1.1.89 2 2 2h14c1.1 0 2-.9 2-2V5c0-1.1-.9-2-2-2z\\"></path></svg><span class=\\"MuiBottomNavigationAction-label\\">ログアウト</span></span><span class=\\"MuiTouchRipple-root\\"></span></button></div>"`;
